Component: ARM Compiler 5.06 (build 20) Tool: armlink [4d35a3]

==============================================================================

Section Cross References

    blinky.o(.text) refers to led_stm32f051-discovery.o(.text) for LED_GetCount
    blinky.o(.text) refers to system_stm32f0xx.o(.text) for SystemCoreClockUpdate
    blinky.o(.text) refers to buttons_stm32f051-discovery.o(.text) for Buttons_Initialize
    blinky.o(.text) refers to uidiv.o(.text) for __aeabi_uidivmod
    blinky.o(.text) refers to blinky.o(.data) for msTicks
    blinky.o(.text) refers to system_stm32f0xx.o(.data) for SystemCoreClock
    led_stm32f051-discovery.o(.text) refers to led_stm32f051-discovery.o(.constdata) for led_mask
    startup_stm32f051.o(RESET) refers to startup_stm32f051.o(STACK) for __initial_sp
    startup_stm32f051.o(RESET) refers to startup_stm32f051.o(.text) for Reset_Handler
    startup_stm32f051.o(RESET) refers to blinky.o(.text) for SysTick_Handler
    startup_stm32f051.o(.text) refers to startup_stm32f051.o(STACK) for __initial_sp
    startup_stm32f051.o(.text) refers to system_stm32f0xx.o(.text) for SystemInit
    startup_stm32f051.o(.text) refers to entry.o(.ARM.Collect$$$$00000000) for __main
    system_stm32f0xx.o(.text) refers to uidiv.o(.text) for __aeabi_uidivmod
    system_stm32f0xx.o(.text) refers to system_stm32f0xx.o(.data) for SystemCoreClock
    entry.o(.ARM.Collect$$$$00000000) refers (Special) to entry10a.o(.ARM.Collect$$$$0000000D) for __rt_final_cpp
    entry.o(.ARM.Collect$$$$00000000) refers (Special) to entry11a.o(.ARM.Collect$$$$0000000F) for __rt_final_exit
    entry.o(.ARM.Collect$$$$00000000) refers (Special) to entry7b.o(.ARM.Collect$$$$00000008) for _main_clock
    entry.o(.ARM.Collect$$$$00000000) refers (Special) to entry8b.o(.ARM.Collect$$$$0000000A) for _main_cpp_init
    entry.o(.ARM.Collect$$$$00000000) refers (Special) to entry9a.o(.ARM.Collect$$$$0000000B) for _main_init
    entry.o(.ARM.Collect$$$$00000000) refers (Special) to entry5.o(.ARM.Collect$$$$00000004) for _main_scatterload
    entry.o(.ARM.Collect$$$$00000000) refers (Special) to entry2.o(.ARM.Collect$$$$00000001) for _main_stk
    entry2.o(.ARM.Collect$$$$00000001) refers to entry2.o(.ARM.Collect$$$$00002712) for __lit__00000000
    entry2.o(.ARM.Collect$$$$00002712) refers to startup_stm32f051.o(STACK) for __initial_sp
    entry2.o(__vectab_stack_and_reset_area) refers to startup_stm32f051.o(STACK) for __initial_sp
    entry2.o(__vectab_stack_and_reset_area) refers to entry.o(.ARM.Collect$$$$00000000) for __main
    entry5.o(.ARM.Collect$$$$00000004) refers to init.o(.text) for __scatterload
    entry9a.o(.ARM.Collect$$$$0000000B) refers to blinky.o(.text) for main
    entry9b.o(.ARM.Collect$$$$0000000C) refers to blinky.o(.text) for main
    init.o(.text) refers to entry5.o(.ARM.Collect$$$$00000004) for __main_after_scatterload


==============================================================================

Removing Unused input sections from the image.

    Removing blinky.o(.rev16_text), (4 bytes).
    Removing blinky.o(.revsh_text), (4 bytes).
    Removing buttons_stm32f051-discovery.o(.rev16_text), (4 bytes).
    Removing buttons_stm32f051-discovery.o(.revsh_text), (4 bytes).
    Removing led_stm32f051-discovery.o(.rev16_text), (4 bytes).
    Removing led_stm32f051-discovery.o(.revsh_text), (4 bytes).
    Removing startup_stm32f051.o(HEAP), (512 bytes).
    Removing system_stm32f0xx.o(.rev16_text), (4 bytes).
    Removing system_stm32f0xx.o(.revsh_text), (4 bytes).

9 unused section(s) (total 544 bytes) removed from the image.

==============================================================================

Image Symbol Table

    Local Symbols

    Symbol Name                              Value     Ov Type        Size  Object(Section)

    ../clib/microlib/division.c              0x00000000   Number         0  uidiv.o ABSOLUTE
    ../clib/microlib/init/entry.s            0x00000000   Number         0  entry11b.o ABSOLUTE
    ../clib/microlib/init/entry.s            0x00000000   Number         0  entry5.o ABSOLUTE
    ../clib/microlib/init/entry.s            0x00000000   Number         0  entry7b.o ABSOLUTE
    ../clib/microlib/init/entry.s            0x00000000   Number         0  entry8a.o ABSOLUTE
    ../clib/microlib/init/entry.s            0x00000000   Number         0  entry8b.o ABSOLUTE
    ../clib/microlib/init/entry.s            0x00000000   Number         0  entry9a.o ABSOLUTE
    ../clib/microlib/init/entry.s            0x00000000   Number         0  entry7a.o ABSOLUTE
    ../clib/microlib/init/entry.s            0x00000000   Number         0  entry9b.o ABSOLUTE
    ../clib/microlib/init/entry.s            0x00000000   Number         0  entry2.o ABSOLUTE
    ../clib/microlib/init/entry.s            0x00000000   Number         0  entry.o ABSOLUTE
    ../clib/microlib/init/entry.s            0x00000000   Number         0  entry10a.o ABSOLUTE
    ../clib/microlib/init/entry.s            0x00000000   Number         0  entry10b.o ABSOLUTE
    ../clib/microlib/init/entry.s            0x00000000   Number         0  entry11a.o ABSOLUTE
    Blinky.c                                 0x00000000   Number         0  blinky.o ABSOLUTE
    Blinky.c                                 0x00000000   Number         0  blinky.o ABSOLUTE
    C:\Keil_v5\ARM\PACK\Keil\STM32F0xx_DFP\1.4.0\Boards\ST\STM32F051-Discovery\Common\Buttons_STM32F051-Discovery.c 0x00000000   Number         0  buttons_stm32f051-discovery.o ABSOLUTE
    C:\Keil_v5\ARM\PACK\Keil\STM32F0xx_DFP\1.4.0\Boards\ST\STM32F051-Discovery\Common\LED_STM32F051-Discovery.c 0x00000000   Number         0  led_stm32f051-discovery.o ABSOLUTE
    C:\\Keil_v5\\ARM\\PACK\\Keil\\STM32F0xx_DFP\\1.4.0\\Boards\\ST\\STM32F051-Discovery\\Common\\Buttons_STM32F051-Discovery.c 0x00000000   Number         0  buttons_stm32f051-discovery.o ABSOLUTE
    C:\\Keil_v5\\ARM\\PACK\\Keil\\STM32F0xx_DFP\\1.4.0\\Boards\\ST\\STM32F051-Discovery\\Common\\LED_STM32F051-Discovery.c 0x00000000   Number         0  led_stm32f051-discovery.o ABSOLUTE
    RTE\Device\STM32F051R8\startup_stm32f051.s 0x00000000   Number         0  startup_stm32f051.o ABSOLUTE
    RTE\Device\STM32F051R8\system_stm32f0xx.c 0x00000000   Number         0  system_stm32f0xx.o ABSOLUTE
    RTE\\Device\\STM32F051R8\\system_stm32f0xx.c 0x00000000   Number         0  system_stm32f0xx.o ABSOLUTE
    dc.s                                     0x00000000   Number         0  dc.o ABSOLUTE
    handlers.s                               0x00000000   Number         0  handlers.o ABSOLUTE
    init.s                                   0x00000000   Number         0  init.o ABSOLUTE
    RESET                                    0x08000000   Section      192  startup_stm32f051.o(RESET)
    .ARM.Collect$$$$00000000                 0x080000c0   Section        0  entry.o(.ARM.Collect$$$$00000000)
    .ARM.Collect$$$$00000001                 0x080000c0   Section        4  entry2.o(.ARM.Collect$$$$00000001)
    .ARM.Collect$$$$00000004                 0x080000c4   Section        4  entry5.o(.ARM.Collect$$$$00000004)
    .ARM.Collect$$$$00000008                 0x080000c8   Section        0  entry7b.o(.ARM.Collect$$$$00000008)
    .ARM.Collect$$$$0000000A                 0x080000c8   Section        0  entry8b.o(.ARM.Collect$$$$0000000A)
    .ARM.Collect$$$$0000000B                 0x080000c8   Section        8  entry9a.o(.ARM.Collect$$$$0000000B)
    .ARM.Collect$$$$0000000D                 0x080000d0   Section        0  entry10a.o(.ARM.Collect$$$$0000000D)
    .ARM.Collect$$$$0000000F                 0x080000d0   Section        0  entry11a.o(.ARM.Collect$$$$0000000F)
    .ARM.Collect$$$$00002712                 0x080000d0   Section        4  entry2.o(.ARM.Collect$$$$00002712)
    __lit__00000000                          0x080000d0   Data           4  entry2.o(.ARM.Collect$$$$00002712)
    .text                                    0x080000d4   Section        0  blinky.o(.text)
    NVIC_SetPriority                         0x0800024d   Thumb Code   110  blinky.o(.text)
    .text                                    0x080002e0   Section        0  buttons_stm32f051-discovery.o(.text)
    .text                                    0x08000348   Section        0  led_stm32f051-discovery.o(.text)
    .text                                    0x0800042c   Section       88  startup_stm32f051.o(.text)
    .text                                    0x08000484   Section        0  system_stm32f0xx.o(.text)
    SetSysClock                              0x08000485   Thumb Code   206  system_stm32f0xx.o(.text)
    .text                                    0x0800067c   Section        0  uidiv.o(.text)
    .text                                    0x080006a8   Section       36  init.o(.text)
    i.__scatterload_copy                     0x080006cc   Section       14  handlers.o(i.__scatterload_copy)
    i.__scatterload_null                     0x080006da   Section        2  handlers.o(i.__scatterload_null)
    i.__scatterload_zeroinit                 0x080006dc   Section       14  handlers.o(i.__scatterload_zeroinit)
    .constdata                               0x080006ec   Section        8  led_stm32f051-discovery.o(.constdata)
    .data                                    0x20000000   Section        4  blinky.o(.data)
    .data                                    0x20000004   Section       20  system_stm32f0xx.o(.data)
    STACK                                    0x20000018   Section     1024  startup_stm32f051.o(STACK)

    Global Symbols

    Symbol Name                              Value     Ov Type        Size  Object(Section)

    BuildAttributes$$THM_ISAv3M$S$PE$A:L22$X:L11$S22$IEEE1$IW$USESV6$~STKCKD$USESV7$~SHL$OSPACE$EBA8$MICROLIB$REQ8$PRES8$EABIv2 0x00000000   Number         0  anon$$obj.o ABSOLUTE
    __ARM_use_no_argv                        0x00000000   Number         0  blinky.o ABSOLUTE
    __cpp_initialize__aeabi_                  - Undefined Weak Reference
    __cxa_finalize                            - Undefined Weak Reference
    __decompress                              - Undefined Weak Reference
    _clock_init                               - Undefined Weak Reference
    _microlib_exit                            - Undefined Weak Reference
    __Vectors_Size                           0x000000c0   Number         0  startup_stm32f051.o ABSOLUTE
    __Vectors                                0x08000000   Data           4  startup_stm32f051.o(RESET)
    __Vectors_End                            0x080000c0   Data           0  startup_stm32f051.o(RESET)
    __main                                   0x080000c1   Thumb Code     0  entry.o(.ARM.Collect$$$$00000000)
    _main_stk                                0x080000c1   Thumb Code     0  entry2.o(.ARM.Collect$$$$00000001)
    _main_scatterload                        0x080000c5   Thumb Code     0  entry5.o(.ARM.Collect$$$$00000004)
    __main_after_scatterload                 0x080000c9   Thumb Code     0  entry5.o(.ARM.Collect$$$$00000004)
    _main_clock                              0x080000c9   Thumb Code     0  entry7b.o(.ARM.Collect$$$$00000008)
    _main_cpp_init                           0x080000c9   Thumb Code     0  entry8b.o(.ARM.Collect$$$$0000000A)
    _main_init                               0x080000c9   Thumb Code     0  entry9a.o(.ARM.Collect$$$$0000000B)
    __rt_final_cpp                           0x080000d1   Thumb Code     0  entry10a.o(.ARM.Collect$$$$0000000D)
    __rt_final_exit                          0x080000d1   Thumb Code     0  entry11a.o(.ARM.Collect$$$$0000000F)
    SysTick_Handler                          0x080000d5   Thumb Code    12  blinky.o(.text)
    Delay                                    0x080000e1   Thumb Code    20  blinky.o(.text)
    SystemCoreClockConfigure                 0x080000f5   Thumb Code   192  blinky.o(.text)
    main                                     0x080001b5   Thumb Code   152  blinky.o(.text)
    Buttons_Initialize                       0x080002e1   Thumb Code    54  buttons_stm32f051-discovery.o(.text)
    Buttons_Uninitialize                     0x08000317   Thumb Code    20  buttons_stm32f051-discovery.o(.text)
    Buttons_GetState                         0x0800032b   Thumb Code    22  buttons_stm32f051-discovery.o(.text)
    Buttons_GetCount                         0x08000341   Thumb Code     4  buttons_stm32f051-discovery.o(.text)
    LED_Off                                  0x08000349   Thumb Code    28  led_stm32f051-discovery.o(.text)
    LED_On                                   0x08000365   Thumb Code    26  led_stm32f051-discovery.o(.text)
    LED_SetOut                               0x0800037f   Thumb Code    42  led_stm32f051-discovery.o(.text)
    LED_Initialize                           0x080003a9   Thumb Code   110  led_stm32f051-discovery.o(.text)
    LED_Uninitialize                         0x08000417   Thumb Code     4  led_stm32f051-discovery.o(.text)
    LED_GetCount                             0x0800041b   Thumb Code     4  led_stm32f051-discovery.o(.text)
    Reset_Handler                            0x0800042d   Thumb Code    38  startup_stm32f051.o(.text)
    NMI_Handler                              0x08000453   Thumb Code     2  startup_stm32f051.o(.text)
    HardFault_Handler                        0x08000455   Thumb Code     2  startup_stm32f051.o(.text)
    SVC_Handler                              0x08000457   Thumb Code     2  startup_stm32f051.o(.text)
    PendSV_Handler                           0x08000459   Thumb Code     2  startup_stm32f051.o(.text)
    ADC1_COMP_IRQHandler                     0x0800045d   Thumb Code     0  startup_stm32f051.o(.text)
    CEC_IRQHandler                           0x0800045d   Thumb Code     0  startup_stm32f051.o(.text)
    DMA1_Channel1_IRQHandler                 0x0800045d   Thumb Code     0  startup_stm32f051.o(.text)
    DMA1_Channel2_3_IRQHandler               0x0800045d   Thumb Code     0  startup_stm32f051.o(.text)
    DMA1_Channel4_5_IRQHandler               0x0800045d   Thumb Code     0  startup_stm32f051.o(.text)
    EXTI0_1_IRQHandler                       0x0800045d   Thumb Code     0  startup_stm32f051.o(.text)
    EXTI2_3_IRQHandler                       0x0800045d   Thumb Code     0  startup_stm32f051.o(.text)
    EXTI4_15_IRQHandler                      0x0800045d   Thumb Code     0  startup_stm32f051.o(.text)
    FLASH_IRQHandler                         0x0800045d   Thumb Code     0  startup_stm32f051.o(.text)
    I2C1_IRQHandler                          0x0800045d   Thumb Code     0  startup_stm32f051.o(.text)
    I2C2_IRQHandler                          0x0800045d   Thumb Code     0  startup_stm32f051.o(.text)
    PVD_IRQHandler                           0x0800045d   Thumb Code     0  startup_stm32f051.o(.text)
    RCC_IRQHandler                           0x0800045d   Thumb Code     0  startup_stm32f051.o(.text)
    RTC_IRQHandler                           0x0800045d   Thumb Code     0  startup_stm32f051.o(.text)
    SPI1_IRQHandler                          0x0800045d   Thumb Code     0  startup_stm32f051.o(.text)
    SPI2_IRQHandler                          0x0800045d   Thumb Code     0  startup_stm32f051.o(.text)
    TIM14_IRQHandler                         0x0800045d   Thumb Code     0  startup_stm32f051.o(.text)
    TIM15_IRQHandler                         0x0800045d   Thumb Code     0  startup_stm32f051.o(.text)
    TIM16_IRQHandler                         0x0800045d   Thumb Code     0  startup_stm32f051.o(.text)
    TIM17_IRQHandler                         0x0800045d   Thumb Code     0  startup_stm32f051.o(.text)
    TIM1_BRK_UP_TRG_COM_IRQHandler           0x0800045d   Thumb Code     0  startup_stm32f051.o(.text)
    TIM1_CC_IRQHandler                       0x0800045d   Thumb Code     0  startup_stm32f051.o(.text)
    TIM2_IRQHandler                          0x0800045d   Thumb Code     0  startup_stm32f051.o(.text)
    TIM3_IRQHandler                          0x0800045d   Thumb Code     0  startup_stm32f051.o(.text)
    TIM6_DAC_IRQHandler                      0x0800045d   Thumb Code     0  startup_stm32f051.o(.text)
    TS_IRQHandler                            0x0800045d   Thumb Code     0  startup_stm32f051.o(.text)
    USART1_IRQHandler                        0x0800045d   Thumb Code     0  startup_stm32f051.o(.text)
    USART2_IRQHandler                        0x0800045d   Thumb Code     0  startup_stm32f051.o(.text)
    WWDG_IRQHandler                          0x0800045d   Thumb Code     0  startup_stm32f051.o(.text)
    SystemInit                               0x08000553   Thumb Code   110  system_stm32f0xx.o(.text)
    SystemCoreClockUpdate                    0x080005c1   Thumb Code   154  system_stm32f0xx.o(.text)
    __aeabi_uidiv                            0x0800067d   Thumb Code     0  uidiv.o(.text)
    __aeabi_uidivmod                         0x0800067d   Thumb Code    44  uidiv.o(.text)
    __scatterload                            0x080006a9   Thumb Code    28  init.o(.text)
    __scatterload_rt2                        0x080006a9   Thumb Code     0  init.o(.text)
    __scatterload_copy                       0x080006cd   Thumb Code    14  handlers.o(i.__scatterload_copy)
    __scatterload_null                       0x080006db   Thumb Code     2  handlers.o(i.__scatterload_null)
    __scatterload_zeroinit                   0x080006dd   Thumb Code    14  handlers.o(i.__scatterload_zeroinit)
    led_mask                                 0x080006ec   Data           8  led_stm32f051-discovery.o(.constdata)
    Region$$Table$$Base                      0x080006f4   Number         0  anon$$obj.o(Region$$Table)
    Region$$Table$$Limit                     0x08000714   Number         0  anon$$obj.o(Region$$Table)
    msTicks                                  0x20000000   Data           4  blinky.o(.data)
    SystemCoreClock                          0x20000004   Data           4  system_stm32f0xx.o(.data)
    AHBPrescTable                            0x20000008   Data          16  system_stm32f0xx.o(.data)
    __initial_sp                             0x20000418   Data           0  startup_stm32f051.o(STACK)



==============================================================================

Memory Map of the image

  Image Entry point : 0x080000c1

  Load Region LR_IROM1 (Base: 0x08000000, Size: 0x0000072c, Max: 0x00010000, ABSOLUTE)

    Execution Region ER_IROM1 (Base: 0x08000000, Size: 0x00000714, Max: 0x00010000, ABSOLUTE)

    Base Addr    Size         Type   Attr      Idx    E Section Name        Object

    0x08000000   0x000000c0   Data   RO          103    RESET               startup_stm32f051.o
    0x080000c0   0x00000000   Code   RO          134  * .ARM.Collect$$$$00000000  mc_p.l(entry.o)
    0x080000c0   0x00000004   Code   RO          139    .ARM.Collect$$$$00000001  mc_p.l(entry2.o)
    0x080000c4   0x00000004   Code   RO          142    .ARM.Collect$$$$00000004  mc_p.l(entry5.o)
    0x080000c8   0x00000000   Code   RO          144    .ARM.Collect$$$$00000008  mc_p.l(entry7b.o)
    0x080000c8   0x00000000   Code   RO          146    .ARM.Collect$$$$0000000A  mc_p.l(entry8b.o)
    0x080000c8   0x00000008   Code   RO          147    .ARM.Collect$$$$0000000B  mc_p.l(entry9a.o)
    0x080000d0   0x00000000   Code   RO          149    .ARM.Collect$$$$0000000D  mc_p.l(entry10a.o)
    0x080000d0   0x00000000   Code   RO          151    .ARM.Collect$$$$0000000F  mc_p.l(entry11a.o)
    0x080000d0   0x00000004   Code   RO          140    .ARM.Collect$$$$00002712  mc_p.l(entry2.o)
    0x080000d4   0x0000020c   Code   RO            3    .text               blinky.o
    0x080002e0   0x00000068   Code   RO           57    .text               buttons_stm32f051-discovery.o
    0x08000348   0x000000e4   Code   RO           80    .text               led_stm32f051-discovery.o
    0x0800042c   0x00000058   Code   RO          104    .text               startup_stm32f051.o
    0x08000484   0x000001f8   Code   RO          110    .text               system_stm32f0xx.o
    0x0800067c   0x0000002c   Code   RO          137    .text               mc_p.l(uidiv.o)
    0x080006a8   0x00000024   Code   RO          153    .text               mc_p.l(init.o)
    0x080006cc   0x0000000e   Code   RO          157    i.__scatterload_copy  mc_p.l(handlers.o)
    0x080006da   0x00000002   Code   RO          158    i.__scatterload_null  mc_p.l(handlers.o)
    0x080006dc   0x0000000e   Code   RO          159    i.__scatterload_zeroinit  mc_p.l(handlers.o)
    0x080006ea   0x00000002   PAD
    0x080006ec   0x00000008   Data   RO           81    .constdata          led_stm32f051-discovery.o
    0x080006f4   0x00000020   Data   RO          155    Region$$Table       anon$$obj.o


    Execution Region RW_IRAM1 (Base: 0x20000000, Size: 0x00000418, Max: 0x00002000, ABSOLUTE)

    Base Addr    Size         Type   Attr      Idx    E Section Name        Object

    0x20000000   0x00000004   Data   RW            4    .data               blinky.o
    0x20000004   0x00000014   Data   RW          111    .data               system_stm32f0xx.o
    0x20000018   0x00000400   Zero   RW          101    STACK               startup_stm32f051.o


==============================================================================

Image component sizes


      Code (inc. data)   RO Data    RW Data    ZI Data      Debug   Object Name

       524         38          0          4          0     170904   blinky.o
       104          4          0          0          0       1028   buttons_stm32f051-discovery.o
       228         14          8          0          0       2232   led_stm32f051-discovery.o
        88         38        192          0       1024        672   startup_stm32f051.o
       504         34          0         20          0       1815   system_stm32f0xx.o

    ----------------------------------------------------------------------
      1448        128        232         24       1024     176651   Object Totals
         0          0         32          0          0          0   (incl. Generated)
         0          0          0          0          0          0   (incl. Padding)

    ----------------------------------------------------------------------

      Code (inc. data)   RO Data    RW Data    ZI Data      Debug   Library Member Name

         0          0          0          0          0          0   entry.o
         0          0          0          0          0          0   entry10a.o
         0          0          0          0          0          0   entry11a.o
         8          4          0          0          0          0   entry2.o
         4          0          0          0          0          0   entry5.o
         0          0          0          0          0          0   entry7b.o
         0          0          0          0          0          0   entry8b.o
         8          4          0          0          0          0   entry9a.o
        30          0          0          0          0          0   handlers.o
        36          8          0          0          0         68   init.o
        44          0          0          0          0         72   uidiv.o

    ----------------------------------------------------------------------
       132         16          0          0          0        140   Library Totals
         2          0          0          0          0          0   (incl. Padding)

    ----------------------------------------------------------------------

      Code (inc. data)   RO Data    RW Data    ZI Data      Debug   Library Name

       130         16          0          0          0        140   mc_p.l

    ----------------------------------------------------------------------
       132         16          0          0          0        140   Library Totals

    ----------------------------------------------------------------------

==============================================================================


      Code (inc. data)   RO Data    RW Data    ZI Data      Debug   

      1580        144        232         24       1024     176767   Grand Totals
      1580        144        232         24       1024     176767   ELF Image Totals
      1580        144        232         24          0          0   ROM Totals

==============================================================================

    Total RO  Size (Code + RO Data)                 1812 (   1.77kB)
    Total RW  Size (RW Data + ZI Data)              1048 (   1.02kB)
    Total ROM Size (Code + RO Data + RW Data)       1836 (   1.79kB)

==============================================================================

