<html>
<body>
<pre>
<h1>µVision Build Log</h1>
<h2>Tool Versions:</h2>
IDE-Version: µVision V5.16a
Copyright (C) 2015 ARM Ltd and ARM Germany GmbH. All rights reserved.
License Information: Kumar Mehta, comodule, LIC=U1E21-CBEDK-K263G-8FIUM-K0DQJ-A6N6D
 
Tool Versions:
Toolchain:       MDK-ARM Cortex-M0/M0+ 256K for ST  Version: 5.16a
Toolchain Path:  C:\Keil_v5\ARM\ARMCC\Bin
C Compiler:      Armcc.exe V5.06 (build 20)
Assembler:       Armasm.exe V5.06 (build 20)
Linker/Locator:  ArmLink.exe V5.06 (build 20)
Library Manager: ArmAr.exe V5.06 (build 20)
Hex Converter:   FromElf.exe V5.06 (build 20)
CPU DLL:         SARMCM3.DLL V5.16a
Dialog DLL:      DARMCM1.DLL V1.12.0.0
Target DLL:      STLink\ST-LINKIII-KEIL_SWO.dll V2.0.17.0
Dialog DLL:      TARMCM1.DLL V1.9.0.0
 
<h2>Project:</h2>
C:\Users\amit\Documents\github\STM32Discovery\Example\Boards\ST\STM32F051-Discovery\Blinky\Blinky.uvprojx
Project File Date:  10/12/2015

<h2>Output:</h2>
*** Using Compiler 'V5.06 (build 20)', folder: 'C:\Keil_v5\ARM\ARMCC\Bin'
Rebuild Project 'Blinky' - Target 'STM32F051 Flash'
compiling LED_STM32F051-Discovery.c...
compiling Buttons_STM32F051-Discovery.c...
compiling Blinky.c...
assembling startup_stm32f051.s...
compiling system_stm32f0xx.c...
linking...
Program Size: Code=1580 RO-data=232 RW-data=24 ZI-data=1024  
".\Flash\Blinky.axf" - 0 Error(s), 0 Warning(s).

<h2>Software Packages used:</h2>

Package Vendor: ARM
                http://www.keil.com/pack/ARM.CMSIS.4.4.0.pack
                ARM::CMSIS:CORE:4.2.0
                CMSIS (Cortex Microcontroller Software Interface Standard)
   * Component: CORE Version: 4.2.0

Package Vendor: Keil
                http://www.keil.com/pack/Keil.MDK-Middleware.7.0.0-beta.pack
                ::Board Support:LED:1.00 (API)
                Keil MDK-ARM Professional Middleware for ARM Cortex-M based devices
   * Component: LED Version: 1.00
   * Component: Buttons Version: 1.00

Package Vendor: Keil
                http://www.keil.com/pack/Keil.STM32F0xx_DFP.1.4.0.pack
                Keil::Device:Startup:1.5.0
                STMicroelectronics STM32F0 Series Device Support and Examples
   * Component: Startup Version: 1.5.0
   * Component: LED Version: 1.0.0
   * Component: Buttons Version: 1.0.0

<h2>Collection of Component include folders:</h2>
  C:\Users\amit\Documents\github\STM32Discovery\Example\Boards\ST\STM32F051-Discovery\Blinky\RTE
  C:\Keil_v5\ARM\PACK\ARM\CMSIS\4.4.0\CMSIS\Include
  C:\Keil_v5\ARM\PACK\Keil\MDK-Middleware\7.0.0-beta\Board
  C:\Keil_v5\ARM\PACK\Keil\STM32F0xx_DFP\1.4.0\Device\Include

<h2>Collection of Component Files used:</h2>

   * Component: ARM::CMSIS:CORE:4.2.0

   * Component: ::Board Support:LED:1.00 (API)
      Include file:  Board\Board_LED.h

   * Component: ::Board Support:Buttons:1.00 (API)
      Include file:  Board\Board_Buttons.h

   * Component: Keil::Device:Startup:1.5.0
      Source file:   Device\Source\ARM\STM32F0xx_OPT.s
      Source file:   Device\Source\system_stm32f0xx.c
      Source file:   Device\Source\ARM\startup_stm32f051.s

   * Component: Keil.STM32F051-Discovery::Board Support:LED:1.0.0
      Source file:   Boards\ST\STM32F051-Discovery\Common\LED_STM32F051-Discovery.c

   * Component: Keil.STM32F051-Discovery::Board Support:Buttons:1.0.0
      Source file:   Boards\ST\STM32F051-Discovery\Common\Buttons_STM32F051-Discovery.c
Build Time Elapsed:  00:00:03
</pre>
</body>
</html>
